[sigmausdts.github.io/Globe-Express/index.html]
[pagead2.googlesyndication.com/pagead/js/ff3fe.txt]
[cdn.ampproject.org/v0/amp-auto-ads-0.1.js]
[backblue.gif]
[fade.gif]
[index.html]
[usaexpressblogs.com/wp-content/themes/astra/assets/css/minified/main.min1dc6.css]
[usaexpressblogs.com/wp-includes/css/dist/block-library/style.min6c2d.css]
[usaexpressblogs.com/wp-content/plugins/contact-form-7/includes/css/stylesf049.css]
[usaexpressblogs.com/wp-content/themes/astra/assets/css/minified/compatibility/contact-form-7-main.min1dc6.css]
[usaexpressblogs.com/wp-content/plugins/guest-post-plugin-updated/css/custom-login-register6c2d.css]
[usaexpressblogs.com/wp-content/plugins/if-menu/assets/if-menu-site6c2d.css]
[usaexpressblogs.com/wp-content/themes/astra/style6c2d.css]
[usaexpressblogs.com/wp-content/uploads/astra-addon/astra-addon-674eea0468e086-7886206231a4.css]
[usaexpressblogs.com/wp-includes/js/jquery/jquery.minf43b.js]
[usaexpressblogs.com/wp-includes/js/jquery/jquery-migrate.min5589.js]
[sigmausdts.github.io/Globe-Express/OneSignalSDKUpdaterWorker.js]
[sigmausdts.github.io/Globe-Express/OneSignalSDKWorker.js]
[usaexpressblogs.com/wp-content/uploads/2023/11/usa-fav.png]
[sigmausdts.github.io/Globe-Express/static/usa-express-768x167.png]
[usaexpressblogs.com/wp-content/uploads/2024/12/Bitcoin-Hits-All-Time-High-Surges-Above-100000-For-The-First-Time.jpg]
[usaexpressblogs.com/wp-content/uploads/2024/11/Macys-Employee-Intentionally-Hid-Up-To-154-Million-Worth-of-Expenses.jpg]
[usaexpressblogs.com/wp-content/uploads/2024/11/Analysts-Revise-Nvidia-Stock-Price-Target-Before-Results.jpg]
[usaexpressblogs.com/wp-content/uploads/2024/11/Earn-An-Extra-1000-By-These-4-Side-Hustles-Before-2025.jpg]
[usaexpressblogs.com/wp-content/uploads/2025/03/According-to-reports-Xbox-is-developing-a-gaming-handheld-that-will-be-available-later-this-year.jpg]
[usaexpressblogs.com/wp-content/uploads/2024/12/After-receiving-a-retort-from-the-Timberwolves-audience-Karl-Anthony-Towns-of-1.jpg]
[usaexpressblogs.com/wp-content/uploads/2024/12/Donato-ends-the-Blackhawks-comeback-and-they-defeat-the-Capitals-3-2.jpg]
[usaexpressblogs.com/wp-content/uploads/2025/04/Taking-inspiration-from-automakers-the-Infinix-Note-50-offers-alloy-steel-with-a-premium-feel.jpg]
[usaexpressblogs.com/wp-content/uploads/2025/04/Impossible-8-Mission.jpg]
[usaexpressblogs.com/wp-content/uploads/2025/02/Good-American-Familys-Natalia-Grace-Barnett-case-What-you-should-know-COVER-1.jpg]
[usaexpressblogs.com/wp-content/uploads/2025/03/Review-of-the-11th-Generation-IPAD.jpg]
[usaexpressblogs.com/wp-content/uploads/2025/03/Verizon-Allows-Users-of-the-Galaxy-S25-and-Pixel-9-to-Use-Non-Emergency-Satellite-Messaging.jpg]
[usaexpressblogs.com/wp-content/uploads/2025/04/Taking-inspiration-from-automakers-the-Infinix-Note-50-offers-alloy-steel-with-a-premium-feel-150x150.jpg]
[usaexpressblogs.com/wp-content/uploads/2025/04/WHAT-CAUSED-INSTAGRAM-TO-END-THE-FOLLOWING-OF-HASHTAGS-150x150.jpg]
[usaexpressblogs.com/wp-content/uploads/2025/04/OpenAI-releases-their-main-AI-model-GPT-4.1-300x169.jpg]
[usaexpressblogs.com/wp-content/uploads/2025/04/According-to-recent-rumors-Grok-may-begin-to-remember-everything-you-ask-it-to-do-300x169.jpg]
[usaexpressblogs.com/wp-content/uploads/2025/04/A-valid-ID-might-be-needed-to-access-future-AI-models-through-OpenAIs-API-300x169.jpg]
[usaexpressblogs.com/wp-content/uploads/2025/04/Meta-Whistleblower-Mark-Zuckerberg-Is-Hand-in-Glove-With-China-Deceiving-Americans-300x169.jpg]
[usaexpressblogs.com/wp-content/uploads/2025/04/CAN-YOUR-IPHONE-BE-DAMAGED-BY-A-CHEAP-CHARGER-300x169.jpg]
[usaexpressblogs.com/wp-content/uploads/2025/04/Grok-3s-API-is-released-by-xAI-Elon-Musks-AI-startup-300x169.jpg]
[usaexpressblogs.com/wp-content/uploads/2025/04/DEI-pages-are-deleted-from-Yahoos-website-300x169.jpg]
[usaexpressblogs.com/wp-content/uploads/2025/03/Review-of-the-11th-Generation-IPAD-1024x576.jpg]
[usaexpressblogs.com/wp-content/uploads/2025/03/Verizon-Allows-Users-of-the-Galaxy-S25-and-Pixel-9-to-Use-Non-Emergency-Satellite-Messaging-1024x576.jpg]
[usaexpressblogs.com/wp-content/uploads/2024/01/Cool-Gardening-Gadgets-150x150.jpg]
[usaexpressblogs.com/wp-content/uploads/2024/01/FAST-HD-EVER-150x150.jpg]
[usaexpressblogs.com/wp-content/uploads/2024/01/Samsung-Galaxy-S24-review-150x150.jpg]
[usaexpressblogs.com/wp-content/uploads/2024/02/fi-24-150x150.jpg]
[usaexpressblogs.com/wp-content/uploads/2024/11/USA-Cover-Image-4-300x169.jpg]
[usaexpressblogs.com/wp-content/uploads/2024/10/Top-5-Upcoming-Smartphones-Launching-In-November-300x169.jpg]
[usaexpressblogs.com/wp-content/uploads/2024/09/Cover-Image-300x169.jpg]
[usaexpressblogs.com/wp-content/uploads/2024/07/5-Best-Cheap-Android-Phones-Under-500-Value-For-Money-300x169.jpg]
[usaexpressblogs.com/wp-content/uploads/2024/07/Apples-AirPods-Pro-2-vs.-Samsungs-Galaxy-Buds-3-Pro-300x169.jpg]
[sigmausdts.github.io/Globe-Express/static/5-Best-Cheap-Android-Phones-Under-500-Value-For-Money-768x432.jpg]
[sigmausdts.github.io/Globe-Express/static/audio1.mp3]
[sigmausdts.github.io/Globe-Express/static/audio2.mp3]
[sigmausdts.github.io/Globe-Express/static/audio3.mp3]
[sigmausdts.github.io/Globe-Express/static/audio4.mp3]
[sigmausdts.github.io/Globe-Express/static/audio5.mp3]
[sigmausdts.github.io/Globe-Express/static/audio6.mp3]
[sigmausdts.github.io/Globe-Express/static/audio7.mp3]
[sigmausdts.github.io/Globe-Express/static/audio8.mp3]
[usaexpressblogs.com/wp-content/themes/astra/assets/js/minified/frontend.min1dc6.js]
[usaexpressblogs.com/wp-includes/js/dist/hooks.min4fdd.js]
[usaexpressblogs.com/wp-includes/js/dist/i18n.minc33c.js]
[usaexpressblogs.com/wp-content/plugins/contact-form-7/includes/swv/js/indexf049.js]
[usaexpressblogs.com/wp-content/plugins/contact-form-7/includes/js/indexf049.js]
[usaexpressblogs.com/wp-content/plugins/guest-post-plugin-updated/js/chat6c2d.js]
[cdn.ckeditor.com/4.16.0/standard/ckeditor.js]
[usaexpressblogs.com/wp-content/uploads/astra-addon/astra-addon-674eea046916f2-8125594731a4.js]
[sigmausdts.github.io/Globe-Express/index.html]
[usaexpressblogs.com/wp-content/themes/astra/assets/css/minified/main.min1dc6.css]
[usaexpressblogs.com/wp-includes/css/dist/block-library/style.min6c2d.css]
[usaexpressblogs.com/wp-content/plugins/contact-form-7/includes/css/stylesf049.css]
[usaexpressblogs.com/wp-content/themes/astra/assets/css/minified/compatibility/contact-form-7-main.min1dc6.css]
[usaexpressblogs.com/wp-content/plugins/guest-post-plugin-updated/css/custom-login-register6c2d.css]
[cdn.onesignal.com/sdks/OneSignalSDK8a54.js]
[usaexpressblogs.com/wp-content/plugins/if-menu/assets/icon-visibility.svg]
[usaexpressblogs.com/wp-content/plugins/if-menu/assets/if-menu-site6c2d.css]
[usaexpressblogs.com/wp-content/themes/astra/style6c2d.css]
[usaexpressblogs.com/wp-content/uploads/astra-addon/astra-addon-674eea0468e086-7886206231a4.css]
[usaexpressblogs.com/wp-includes/js/jquery/jquery.minf43b.js]
[usaexpressblogs.com/wp-includes/js/jquery/jquery-migrate.min5589.js]
[sigmausdts.github.io/Globe-Express/OneSignalSDKUpdaterWorker.html]
[sigmausdts.github.io/Globe-Express/OneSignalSDKWorker.html]
[usaexpressblogs.com/wp-content/themes/astra/assets/js/minified/frontend.min1dc6.js]
[usaexpressblogs.com/wp-includes/js/dist/hooks.min4fdd.js]
[usaexpressblogs.com/wp-includes/js/dist/i18n.minc33c.js]
[usaexpressblogs.com/wp-content/uploads/2025/04/WHAT-CAUSED-INSTAGRAM-TO-END-THE-FOLLOWING-OF-HASHTAGS.jpg]
[sigmausdts.github.io/Globe-Express/t]
[usaexpressblogs.com/wp-content/plugins/contact-form-7/includes/swv/js/indexf049.js]
[usaexpressblogs.com/wp-content/plugins/contact-form-7/includes/js/indexf049.js]
[usaexpressblogs.com/wp-content/plugins/guest-post-plugin-updated/js/chat6c2d.js]
[usaexpressblogs.com/wp-content/uploads/astra-addon/astra-addon-674eea046916f2-8125594731a4.js]
[usaexpressblogs.com/wp-content/plugins/if-menu/assets/icon-visibility.svg]
[sigmausdts.github.io/Globe-Express/t.html]
